Time: 0, Coords: {X=0, Y=0}
Time: 0,1, Coords: {X=4,3301, Y=2,5}
Time: 0,2, Coords: {X=8,6241, Y=4,8811}
Time: 0,3, Coords: {X=12,868, Y=7,1363}
Time: 0,4, Coords: {X=17,0483, Y=9,2596}
Time: 0,5, Coords: {X=21,1519, Y=11,2458}
Time: 0,6, Coords: {X=25,1666, Y=13,0909}
Time: 0,70000005, Coords: {X=29,081, Y=14,7918}
Time: 0,8000001, Coords: {X=32,8845, Y=16,3464}
Time: 0,9000001, Coords: {X=36,5675, Y=17,7537}
Time: 1,0000001, Coords: {X=40,1216, Y=19,0136}
Time: 1,1000001, Coords: {X=43,5395, Y=20,1271}
Time: 1,2000002, Coords: {X=46,815, Y=21,0961}
Time: 1,3000002, Coords: {X=49,9431, Y=21,9234}
Time: 1,4000002, Coords: {X=52,92, Y=22,6126}
Time: 1,5000002, Coords: {X=55,7431, Y=23,1681}
Time: 1,6000003, Coords: {X=58,4109, Y=23,595}
Time: 1,7000003, Coords: {X=60,9231, Y=23,8989}
Time: 1,8000003, Coords: {X=63,2804, Y=24,0859}
Time: 1,9000003, Coords: {X=65,4844, Y=24,1627}
Time: 2,0000002, Coords: {X=67,5378, Y=24,1361}
Time: 2,1000001, Coords: {X=69,4441, Y=24,0133}
Time: 2,2, Coords: {X=71,2074, Y=23,8016}
Time: 2,3, Coords: {X=72,8326, Y=23,5084}
Time: 2,3999999, Coords: {X=74,3251, Y=23,1411}
Time: 2,4999998, Coords: {X=75,6907, Y=22,7069}
Time: 2,5999997, Coords: {X=76,9357, Y=22,2129}
Time: 2,6999996, Coords: {X=78,0665, Y=21,6661}
Time: 2,7999995, Coords: {X=79,0899, Y=21,0732}
Time: 2,8999994, Coords: {X=80,0127, Y=20,4405}
Time: 2,9999993, Coords: {X=80,8417, Y=19,774}
Time: 3,0999992, Coords: {X=81,5836, Y=19,0794}
Time: 3,199999, Coords: {X=82,2451, Y=18,3619}
Time: 3,299999, Coords: {X=82,8328, Y=17,6264}
Time: 3,399999, Coords: {X=83,3529, Y=16,8774}
Time: 3,4999988, Coords: {X=83,8114, Y=16,1189}
Time: 3,5999987, Coords: {X=84,2142, Y=15,3546}
Time: 3,6999986, Coords: {X=84,5666, Y=14,5878}
Time: 3,7999985, Coords: {X=84,8738, Y=13,8213}
Time: 3,8999984, Coords: {X=85,1405, Y=13,0576}
Time: 3,9999983, Coords: {X=85,3712, Y=12,2989}
Time: 4,0999985, Coords: {X=85,57, Y=11,5471}
Time: 4,1999984, Coords: {X=85,7406, Y=10,8037}
Time: 4,2999983, Coords: {X=85,8865, Y=10,07}
Time: 4,399998, Coords: {X=86,0108, Y=9,347}
Time: 4,499998, Coords: {X=86,1162, Y=8,6356}
Time: 4,599998, Coords: {X=86,2053, Y=7,9363}
Time: 4,699998, Coords: {X=86,2803, Y=7,2496}
Time: 4,799998, Coords: {X=86,3431, Y=6,5759}
Time: 4,8999977, Coords: {X=86,3956, Y=5,9152}
Time: 4,9999976, Coords: {X=86,4392, Y=5,2676}
Time: 5,0999975, Coords: {X=86,4754, Y=4,6331}
Time: 5,1999974, Coords: {X=86,5052, Y=4,0115}
Time: 5,2999973, Coords: {X=86,5297, Y=3,4027}
Time: 5,399997, Coords: {X=86,5498, Y=2,8064}
Time: 5,499997, Coords: {X=86,5661, Y=2,2223}
Time: 5,599997, Coords: {X=86,5794, Y=1,6501}
Time: 5,699997, Coords: {X=86,5901, Y=1,0895}
Time: 5,799997, Coords: {X=86,5987, Y=0,5401}
Time: 5,8999968, Coords: {X=86,6056, Y=0,0016}
Time: 5,9999967, Coords: {X=86,6111, Y=0}